{
  "name": "edit_transaction_status",
  "description": "USE WHEN: you have a tx_id (from maintenance_status/repair_consistency, or the tx_id an edit_lines/edit_symbol/format_files response already returns) and want to see what state that specific edit transaction reached. Read-only -- does not repair anything, see repair_consistency for that.",
  "inputSchema": {
    "$schema": "https://json-schema.org/draft/2020-12/schema",
    "required": [
      "tx_id"
    ],
    "type": "object",
    "properties": {
      "tx_id": {
        "description": "tx_id from maintenance_status/repair_consistency output, or the\ntx_id an edit_lines/edit_symbol/format_files response already\nreturns.",
        "type": "string"
      }
    }
  },
  "outputSchema": {
    "$schema": "https://json-schema.org/draft/2020-12/schema",
    "$defs": {
      "ErrorDetail": {
        "type": "object",
        "properties": {
          "code": {
            "type": "string"
          },
          "message": {
            "type": "string"
          },
          "recoverable": {
            "type": "boolean"
          }
        },
        "required": [
          "code",
          "message",
          "recoverable"
        ]
      },
      "SuggestedNext": {
        "type": "object",
        "properties": {
          "tool": {
            "type": "string"
          },
          "reason": {
            "type": "string"
          },
          "args": true,
          "gate": {
            "description": "Plan 3 §3.5(b): `Some(true)` iff skipping `tool` is actually\nhook-enforced (currently only the edit_context/edit_lines/edit_symbol\n→ diff_impact hints set this, via `suggested_gated`) — every other\nhint is left unset (`None`), meaning advisory-only. Lets an agent\ntell \"you'll be blocked if you skip this\" apart from \"you probably\nwant this next\" without re-deriving it from AGENTS.md prose each time.",
            "type": [
              "boolean",
              "null"
            ]
          }
        },
        "required": [
          "tool",
          "reason"
        ]
      }
    },
    "required": [
      "state"
    ],
    "type": "object",
    "properties": {
      "state": {
        "type": "string"
      },
      "error": {
        "anyOf": [
          {
            "$ref": "#/$defs/ErrorDetail"
          },
          {
            "type": "null"
          }
        ]
      },
      "tx_id": {
        "type": "string"
      },
      "path": {
        "type": "string"
      },
      "replay_state": {
        "type": [
          "string",
          "null"
        ]
      },
      "base_digest": {
        "type": "string"
      },
      "proposed_digest": {
        "type": "string"
      },
      "suggested_next": {
        "anyOf": [
          {
            "$ref": "#/$defs/SuggestedNext"
          },
          {
            "type": "null"
          }
        ]
      }
    }
  },
  "annotations": {
    "readOnlyHint": true,
    "destructiveHint": false,
    "idempotentHint": true,
    "openWorldHint": false
  }
}
