{
  "name": "path",
  "description": "USE WHEN: you need to trace if and how symbol A can reach symbol B through call chain. Bidirectional BFS — cycles terminate cleanly. path is DIRECTED: A→B ≠ B→A. terminated_by=null + exists=true/false → certain result.",
  "inputSchema": {
    "$schema": "https://json-schema.org/draft/2020-12/schema",
    "required": [
      "from_symbol",
      "to_symbol"
    ],
    "type": "object",
    "properties": {
      "from_symbol": {
        "description": "Bare name of the starting symbol (not a `path::name` qualified name).",
        "type": "string"
      },
      "to_symbol": {
        "description": "Bare name of the target symbol to reach.",
        "type": "string"
      },
      "from_path": {
        "description": "Narrows `from_symbol` to one file when the bare name is ambiguous\nacross the repo. Repo-relative path.",
        "type": [
          "string",
          "null"
        ]
      },
      "to_path": {
        "description": "Same as `from_path`, for `to_symbol`.",
        "type": [
          "string",
          "null"
        ]
      },
      "from_line": {
        "description": "Disambiguates a same-named `from_symbol` in the same file — any line\nwithin the intended candidate's range.",
        "type": [
          "integer",
          "null"
        ],
        "format": "int64"
      },
      "to_line": {
        "description": "Same as `from_line`, for `to_symbol`.",
        "type": [
          "integer",
          "null"
        ],
        "format": "int64"
      },
      "max_hops": {
        "description": "Max BFS depth to search before giving up. Defaults to\n`path.default_max_hops` in config.json (8 out of the box), clamped\nto `path.max_allowed_hops` (20 out of the box).",
        "type": [
          "integer",
          "null"
        ],
        "format": "int64"
      }
    }
  },
  "outputSchema": {
    "$schema": "https://json-schema.org/draft/2020-12/schema",
    "$defs": {
      "ErrorDetail": {
        "type": "object",
        "properties": {
          "code": {
            "type": "string"
          },
          "message": {
            "type": "string"
          },
          "recoverable": {
            "type": "boolean"
          }
        },
        "required": [
          "code",
          "message",
          "recoverable"
        ]
      },
      "AmbiguousCandidate": {
        "type": "object",
        "properties": {
          "name": {
            "type": "string"
          },
          "path": {
            "type": "string"
          },
          "kind": {
            "type": "string"
          },
          "line_start": {
            "type": "integer",
            "format": "int64"
          },
          "line_end": {
            "type": "integer",
            "format": "int64"
          },
          "class_context": {
            "type": [
              "string",
              "null"
            ]
          },
          "caller_count": {
            "type": [
              "integer",
              "null"
            ],
            "format": "int64"
          },
          "language": {
            "type": [
              "string",
              "null"
            ]
          },
          "signature": {
            "type": [
              "string",
              "null"
            ]
          }
        },
        "required": [
          "name",
          "path",
          "kind",
          "line_start",
          "line_end"
        ]
      },
      "TerminatedByOutput": {
        "description": "Local mirror of `calm_core::types::TerminatedBy` — that type lives in\n`calm-core`, which doesn't depend on `schemars`, so it can't derive\n`JsonSchema` itself.",
        "type": "string",
        "enum": [
          "timeout",
          "max_hops",
          "path_count"
        ]
      },
      "SuggestedNext": {
        "type": "object",
        "properties": {
          "tool": {
            "type": "string"
          },
          "reason": {
            "type": "string"
          },
          "args": true,
          "gate": {
            "description": "Plan 3 §3.5(b): `Some(true)` iff skipping `tool` is actually\nhook-enforced (currently only the edit_context/edit_lines/edit_symbol\n→ diff_impact hints set this, via `suggested_gated`) — every other\nhint is left unset (`None`), meaning advisory-only. Lets an agent\ntell \"you'll be blocked if you skip this\" apart from \"you probably\nwant this next\" without re-deriving it from AGENTS.md prose each time.",
            "type": [
              "boolean",
              "null"
            ]
          }
        },
        "required": [
          "tool",
          "reason"
        ]
      },
      "Caveat": {
        "description": "Structured, machine-checkable hint attached to a tool result whose\nliteral content (empty list / not-found) could otherwise be misread as\nproof of absence. `class` lets a safety gate branch without parsing\n`message`; `message` is the human-readable explanation. Design mirrors\nzzet/gortex's `ZeroEdgeCaveat` (Apache-2.0) — reimplemented against\nCALM's own resolver shape, not a line-for-line port.",
        "type": "object",
        "properties": {
          "class": {
            "type": "string"
          },
          "message": {
            "type": "string"
          }
        },
        "required": [
          "class",
          "message"
        ]
      }
    },
    "properties": {
      "error": {
        "anyOf": [
          {
            "$ref": "#/$defs/ErrorDetail"
          },
          {
            "type": "null"
          }
        ]
      },
      "ambiguous": {
        "type": "boolean"
      },
      "total": {
        "description": "Total candidates matched before the display cap of\n`MAX_AMBIGUOUS_CANDIDATES`. `truncated` is `true` when `total >\ncandidates.len()`, telling the caller there are more matches than\nshown and to narrow with `path`/`line` — the list is never silently\npresented as the complete set.",
        "type": "integer",
        "format": "uint",
        "minimum": 0
      },
      "truncated": {
        "type": "boolean"
      },
      "candidates": {
        "type": "array",
        "items": {
          "$ref": "#/$defs/AmbiguousCandidate"
        }
      },
      "from_symbol": {
        "type": "string"
      },
      "to_symbol": {
        "type": "string"
      },
      "routes": {
        "type": "array",
        "items": {
          "type": "array",
          "items": {
            "type": "string"
          }
        }
      },
      "route_count": {
        "type": "integer",
        "format": "uint",
        "minimum": 0
      },
      "exists": {
        "type": [
          "boolean",
          "null"
        ]
      },
      "terminated_by": {
        "anyOf": [
          {
            "$ref": "#/$defs/TerminatedByOutput"
          },
          {
            "type": "null"
          }
        ]
      },
      "hops_clamped": {
        "type": "boolean"
      },
      "suggested_next": {
        "anyOf": [
          {
            "$ref": "#/$defs/SuggestedNext"
          },
          {
            "type": "null"
          }
        ]
      },
      "caveat": {
        "description": "Advisory hint on an empty/not-found result. Never set alongside a\npopulated `success` unless a tool opts in via `with_caveat` (e.g.\n`callers` on zero direct callers).",
        "anyOf": [
          {
            "$ref": "#/$defs/Caveat"
          },
          {
            "type": "null"
          }
        ]
      }
    },
    "type": "object"
  },
  "annotations": {
    "readOnlyHint": true,
    "destructiveHint": false,
    "idempotentHint": true,
    "openWorldHint": false
  }
}
